
Gurobi 13.0.2 (win64) logging started Sun May 24 18:57:22 2026

Set parameter LogFile to value "gurobi_run_step2.log"
Gurobi Optimizer version 13.0.2 build v13.0.2rc1 (win64 - Windows 10.0 (19045.2))

CPU model: AMD Ryzen 5 3600 6-Core Processor, instruction set [SSE2|AVX|AVX2]
Thread count: 6 physical cores, 12 logical processors, using up to 12 threads

Non-default parameters:
NoRelHeurTime  15

Optimize a model with 25820 rows, 22088 columns and 180919 nonzeros (Min)
Model fingerprint: 0x80b43e60
Model has 21966 linear objective coefficients
Variable types: 122 continuous, 21966 integer (21966 binary)
Coefficient statistics:
  Matrix range     [1e+00, 5e+02]
  Objective range  [1e-03, 3e+02]
  Bounds range     [1e+00, 4e+02]
  RHS range        [1e+00, 5e+02]

Presolve removed 11467 rows and 6914 columns
Presolve time: 0.25s
Presolved: 14353 rows, 15174 columns, 113196 nonzeros
Variable types: 120 continuous, 15054 integer (15054 binary)
Starting NoRel heuristic
Found phase-1 solution: relaxation 559
Found phase-1 solution: relaxation 156
Found phase-1 solution: relaxation 23
Found phase-1 solution: relaxation 20
Found phase-1 solution: relaxation 15
Found phase-1 solution: relaxation 12
Found phase-1 solution: relaxation 11
Found phase-1 solution: relaxation 10
Found phase-1 solution: relaxation 8
Found phase-1 solution: relaxation 6
Found phase-1 solution: relaxation 4
Found phase-1 solution: relaxation 2
Found phase-1 solution: relaxation 0
Found heuristic solution: objective 1701.5883000
Found heuristic solution: objective 1700.9313456
Found heuristic solution: objective 1700.4982188
Transition to phase 2
Found heuristic solution: objective 1695.9813168
Found heuristic solution: objective 1694.5227360
Found heuristic solution: objective 1692.7287180
Found heuristic solution: objective 1692.3867528
Found heuristic solution: objective 1689.1341540
Found heuristic solution: objective 1684.2711840
Found heuristic solution: objective 1681.5159720
Found heuristic solution: objective 1681.0250244
Found heuristic solution: objective 1680.4044792
Found heuristic solution: objective 1675.3081512
Found heuristic solution: objective 1661.2045968
Found heuristic solution: objective 1657.7014236
Found heuristic solution: objective 1656.8652216
Found heuristic solution: objective 1655.9784648
Elapsed time for NoRel heuristic: 5s (best bound 1073.08)
Found heuristic solution: objective 1655.9483280
Found heuristic solution: objective 1654.4356200
Found heuristic solution: objective 1653.1734060
Found heuristic solution: objective 1650.1836192
Found heuristic solution: objective 1639.5821143
Found heuristic solution: objective 1634.9902178
Found heuristic solution: objective 1632.4168760
Found heuristic solution: objective 1631.1542544
Found heuristic solution: objective 1629.1978460
Found heuristic solution: objective 1622.4046985
Found heuristic solution: objective 1620.2745005
Found heuristic solution: objective 1619.1205234
Found heuristic solution: objective 1617.0523713
Found heuristic solution: objective 1616.2246622
Found heuristic solution: objective 1614.8502669
Found heuristic solution: objective 1613.8407912
Found heuristic solution: objective 1613.0409266
Found heuristic solution: objective 1611.0537470
Found heuristic solution: objective 1610.6820674
Found heuristic solution: objective 1609.3627512
Found heuristic solution: objective 1609.1203200
Found heuristic solution: objective 1608.8970528
Found heuristic solution: objective 1608.2772840
Found heuristic solution: objective 1607.4256716
Elapsed time for NoRel heuristic: 10s (best bound 1073.08)
Found heuristic solution: objective 1607.0718888
Found heuristic solution: objective 1606.6489128
Found heuristic solution: objective 1606.3691112
Found heuristic solution: objective 1603.9900476
Found heuristic solution: objective 1602.9623580
Found heuristic solution: objective 1350.6969540
Found heuristic solution: objective 1348.9960704
Found heuristic solution: objective 1348.6571244
Found heuristic solution: objective 1348.3571064
Found heuristic solution: objective 1348.0705524
Found heuristic solution: objective 1347.1904484
Found heuristic solution: objective 1346.7144960
Found heuristic solution: objective 1346.6603952
Found heuristic solution: objective 1346.0619792
Elapsed time for NoRel heuristic: 16s (best bound 1073.08)
NoRel heuristic complete
Deterministic concurrent LP optimizer: primal and dual simplex
Showing primal log only...


Root simplex log...

Iteration    Objective       Primal Inf.    Dual Inf.      Time
       0   -7.4975258e+01   3.018437e+01   6.752978e+07     16s
Concurrent spin time: 0.00s

Solved with dual simplex

Root simplex log...

Iteration    Objective       Primal Inf.    Dual Inf.      Time
     293    1.0730786e+03   0.000000e+00   0.000000e+00     16s

Use crossover to convert LP symmetric solution to basic solution...

Root crossover log...

       0 DPushes remaining with DInf 0.0000000e+00                16s

     235 PPushes remaining with PInf 0.0000000e+00                16s
       0 PPushes remaining with PInf 0.0000000e+00                16s

  Push phase complete: Pinf 0.0000000e+00, Dinf 1.2995600e-14     16s


Root simplex log...

Iteration    Objective       Primal Inf.    Dual Inf.      Time
     807    1.0730786e+03   0.000000e+00   0.000000e+00     16s
Crossover time: 0.03 seconds (0.01 work units)

Root relaxation: objective 1.073079e+03, 807 iterations, 0.10 seconds (0.07 work units)

    Nodes    |    Current Node    |     Objective Bounds      |     Work
 Expl Unexpl |  Obj  Depth IntInf | Incumbent    BestBd   Gap | It/Node Time

     0     0 1073.07863    0   66 1346.06198 1073.07863  20.3%     -   16s
H    0     0                    1342.7587464 1073.07863  20.1%     -   16s
     0     0 1075.92248    0  162 1342.75875 1075.92248  19.9%     -   18s
H    0     0                    1342.6972524 1075.92248  19.9%     -   18s
H    0     0                    1339.3845828 1075.92248  19.7%     -   18s
     0     0 1075.92248    0  176 1339.38458 1075.92248  19.7%     -   18s
     0     0 1075.92248    0  172 1339.38458 1075.92248  19.7%     -   19s
     0     0 1075.96687    0  168 1339.38458 1075.96687  19.7%     -   19s
     0     0 1075.96687    0  168 1339.38458 1075.96687  19.7%     -   19s
     0     0 1076.01083    0  173 1339.38458 1076.01083  19.7%     -   19s
     0     0 1076.01083    0  173 1339.38458 1076.01083  19.7%     -   19s
     0     0 1076.01083    0  143 1339.38458 1076.01083  19.7%     -   20s
     0     0 1076.01083    0  148 1339.38458 1076.01083  19.7%     -   20s
     0     0 1076.01083    0  163 1339.38458 1076.01083  19.7%     -   20s
     0     0 1076.01083    0   93 1339.38458 1076.01083  19.7%     -   20s
     0     0 1076.01113    0  152 1339.38458 1076.01113  19.7%     -   20s
     0     0 1076.01113    0  157 1339.38458 1076.01113  19.7%     -   21s
     0     0 1076.01114    0  121 1339.38458 1076.01114  19.7%     -   21s
     0     0 1076.02592    0  156 1339.38458 1076.02592  19.7%     -   21s
     0     0 1076.02592    0  160 1339.38458 1076.02592  19.7%     -   21s
     0     0 1076.02862    0  148 1339.38458 1076.02862  19.7%     -   22s
     0     0 1076.02862    0  167 1339.38458 1076.02862  19.7%     -   22s
     0     0 1076.02862    0  159 1339.38458 1076.02862  19.7%     -   22s
     0     0 1076.02862    0  159 1339.38458 1076.02862  19.7%     -   22s
     0     0 1076.02862    0   65 1339.38458 1076.02862  19.7%     -   22s
     0     2 1076.02862    0   65 1339.38458 1076.02862  19.7%     -   23s
H   77    85                    1339.1802312 1076.04294  19.6%  61.8   24s
    84   187 1077.60838    8   65 1339.18023 1076.04294  19.6%  59.5   25s
H  486   562                    1338.5276712 1076.04294  19.6%  40.8   27s
H  892   861                    1338.3234324 1076.04294  19.6%  43.1   29s
   897   979 1091.34989  138   50 1338.32343 1076.04294  19.6%  43.3   30s
H 1266  1177                    1338.3234312 1076.04294  19.6%  43.8   32s
  1857  1855 1078.64816   56   52 1338.32343 1076.04680  19.6%  41.5   35s
H 2202  1860                    1338.2096748 1076.05167  19.6%  40.6   39s
  2203  1860 1094.53358   99   63 1338.20967 1076.05167  19.6%  40.6   41s
  2209  1864 1090.26395   83  145 1338.20967 1076.17471  19.6%  40.5   45s
H 2211  1772                    1338.0670308 1076.21518  19.6%  40.5   46s
  2218  1776 1079.02594   98   76 1338.06703 1076.29690  19.6%  40.4   50s
  2230  1784 1082.65784   72  193 1338.06703 1076.30584  19.6%  40.1   55s
  2246  1795 1076.42129   53  203 1338.06703 1076.42129  19.6%  39.9   60s
H 2249  1706                    1337.6393292 1076.44149  19.5%  39.8   63s
  2253  1709 1078.02324   76  160 1337.63933 1076.46776  19.5%  39.7   65s
H 2258  1626                    1337.6393280 1076.46776  19.5%  39.6   69s
  2260  1627 1078.36524   42  150 1337.63933 1076.46776  19.5%  39.6   70s
  2267  1633 1092.64726  202  109 1337.63933 1076.46776  19.5%  45.9   75s
H 2273  1555                    1337.4966840 1076.46776  19.5%  45.8   79s
  2275  1556 1076.46776   29  139 1337.49668 1076.46776  19.5%  45.7   82s
  2279  1559 1084.41289  136  118 1337.49668 1076.46776  19.5%  45.6   85s
  2286  1564 1092.46166  199  161 1337.49668 1076.46776  19.5%  45.5   90s
  2292  1571 1076.95109   19  171 1337.49668 1076.47427  19.5%  49.2   95s
  2450  1672 1080.50073   34   82 1337.49668 1076.47427  19.5%  50.7  100s
  2579  1749 1082.93246   43   71 1337.49668 1076.47427  19.5%  52.8  105s
  2879  1971 1084.80624   62  105 1337.49668 1076.47427  19.5%  56.2  110s
  3264  2228 1088.64883   92   69 1337.49668 1076.47427  19.5%  58.0  115s
  3601  2450 1089.86543  123   57 1337.49668 1076.47427  19.5%  60.2  120s
  4157  2801 1085.42621  160  101 1337.49668 1076.47427  19.5%  63.1  125s
  4577  3056 1092.13042  184   56 1337.49668 1076.47427  19.5%  63.5  130s
  4954  3252 1085.52413  210   78 1337.49668 1076.47427  19.5%  64.5  135s
  5445  3594 1085.56778  253   69 1337.49668 1076.47427  19.5%  65.1  141s
  6067  4013 1092.66032  295   59 1337.49668 1076.47427  19.5%  64.0  146s
  6406  3911 1079.29815   30  159 1337.49668 1076.47427  19.5%  62.8  151s
  6418  3919 1079.29815   31  157 1337.49668 1076.47427  19.5%  63.0  157s
  6437  3986 1079.90828   36  163 1337.49668 1076.47427  19.5%  63.3  161s
  6598  4272 1083.64929   55  110 1337.49668 1076.47427  19.5%  63.2  165s
  6901  4390 1084.83529   80   96 1337.49668 1076.47427  19.5%  63.1  170s
  7764  5166 1087.44809  171   95 1337.49668 1076.47427  19.5%  61.5  177s
  8338  5883 1088.32118  252   65 1337.49668 1076.48335  19.5%  60.2  182s
  8778  6264 1092.67090  286   77 1337.49668 1076.48335  19.5%  59.4  185s
  9322  6628 1097.87831  346   50 1337.49668 1076.48578  19.5%  58.6  190s
 10367  7903 1107.81414  492   23 1337.49668 1076.50090  19.5%  55.8  197s
 11091  8461 1079.99515  172   91 1337.49668 1076.50109  19.5%  54.3  200s
 12051  9403 1085.44556  123  105 1337.49668 1076.51367  19.5%  52.8  207s
 12717 10268 1088.42459  180   81 1337.49668 1076.51367  19.5%  51.5  213s
 13622 10613 1096.23155  351  102 1337.49668 1076.51367  19.5%  50.8  215s
 14433 11325 1089.39379  109  120 1337.49668 1076.51367  19.5%  50.7  220s
 15328 11867 1097.63399  206   23 1337.49668 1076.54437  19.5%  51.1  227s
 15361 12340 1095.08525  206   46 1337.49668 1076.54437  19.5%  51.1  230s
 16732 13560 1087.71875   58   79 1337.49668 1076.55321  19.5%  50.0  237s
 17144 14496 1077.37833   32   46 1337.49668 1076.55719  19.5%  49.8  240s
 18544 15795 1082.04319  176  154 1337.49668 1076.56000  19.5%  48.4  247s
 19512 16163 1089.90262  306   64 1337.49668 1076.56121  19.5%  47.3  251s
 20862 17184 1077.49763   44   86 1337.49668 1076.58161  19.5%  46.3  257s
 21039 17813 1079.46213   52   29 1337.49668 1076.58161  19.5%  46.5  261s
 22367 18839 1103.88440  138   72 1337.49668 1076.58700  19.5%  46.0  267s
 23031 19267 1095.08412   96  101 1337.49668 1076.59233  19.5%  45.7  270s
 24139 20024 1077.70158   29  138 1337.49668 1076.60309  19.5%  45.2  278s
 24366 20734 1078.68633   30  143 1337.49668 1076.60309  19.5%  45.0  281s
 25127 21343 1085.86831  104   70 1337.49668 1076.60482  19.5%  44.5  285s
 25835 21344 1084.83156  298   65 1337.49668 1076.61205  19.5%  44.2  316s
 25838 21346 1090.29674  186  180 1337.49668 1076.61205  19.5%  44.2  320s
 25844 21350 1117.76046  510  130 1337.49668 1076.61205  19.5%  44.2  327s
 25845 21351 1088.93115  272   33 1337.49668 1076.61205  19.5%  44.1  330s
 25847 21352 1082.39628   68  100 1337.49668 1076.61205  19.5%  44.1  335s
H25847 20284                    1089.1229484 1076.61205  1.15%  44.1  335s
H25847 19269                    1088.8558716 1076.61205  1.12%  44.1  337s
 25849 19270 1088.85587  143   46 1088.85587 1076.61205  1.12%  44.1  340s
H25849 18307                    1088.8558704 1076.61205  1.12%  44.1  340s
H25851 17393                    1088.8007412 1076.61205  1.12%  44.1  342s
 25854 17395 1087.59583  140  112 1088.80074 1076.61205  1.12%  44.1  346s
 25856 17396 1088.80074  353  165 1088.80074 1076.61205  1.12%  44.1  352s
 25858 17397 1088.80074  276  152 1088.80074 1076.61205  1.12%  44.1  356s
 25859 17398 1088.80074  467  140 1088.80074 1076.61205  1.12%  44.1  361s
 25861 17399 1080.11997  182  153 1088.80074 1076.61205  1.12%  44.1  366s
 25863 17401 1082.90606   43  168 1088.80074 1076.61205  1.12%  44.1  372s
 25864 17401 1088.80074  544  173 1088.80074 1076.61205  1.12%  44.1  375s
 25867 17403 1085.38862   52   91 1088.80074 1076.61205  1.12%  44.1  381s
 25869 17405 1086.16039  107   99 1088.80074 1076.61205  1.12%  44.1  386s
 25871 17406 1088.80074  197   48 1088.80074 1076.61205  1.12%  44.1  391s
H25872 16536                    1088.4946056 1076.61205  1.09%  44.1  394s
H25872 15708                    1088.4708252 1076.61205  1.09%  44.1  394s
 25873 15708 1088.47083  223  103 1088.47083 1076.61205  1.09%  44.1  396s
 25875 15710 1088.47083  214   46 1088.47083 1076.61205  1.09%  44.1  402s
 25876 15710 1088.47083  208   46 1088.47083 1076.65391  1.09%  44.1  405s
H25886 14935                    1088.1398904 1076.65391  1.06%  44.6  407s
 25933 14969 1078.11953   35  104 1088.13989 1076.65391  1.06%  44.8  410s
 26028 15034 1079.46193   41  116 1088.13989 1076.65391  1.06%  45.1  415s
 26094 15074 1078.23595   46  114 1088.13989 1076.65391  1.06%  45.3  420s
 26124 15091 1079.61258   48   72 1088.13989 1076.65391  1.06%  45.3  425s
 26154 15111 1079.83936   51   48 1088.13989 1076.65391  1.06%  45.4  430s
H26166 14372                    1086.5313564 1076.65391  0.91%  45.4  433s
 26215 14418 1079.83936   55   51 1086.53136 1076.65391  0.91%  45.4  435s
H26247 13703                    1086.4614876 1076.65391  0.90%  45.5  436s
 26320 13749 1079.83936   64   32 1086.46149 1076.65391  0.90%  45.5  440s
 26477 13805 1083.60286   79   27 1086.46149 1076.65391  0.90%  45.6  445s
 26685 13951 1085.59595  108   26 1086.46149 1076.65391  0.90%  45.8  450s
 26806 13989 1076.65391   42  127 1086.46149 1076.65391  0.90%  45.9  455s
 27071 14224 1081.48907   70   56 1086.46149 1076.65391  0.90%  46.0  460s
 27562 14493 1078.73016   78  122 1086.46149 1076.65391  0.90%  46.2  467s
 27722 14609 1083.59014  104  102 1086.46149 1076.65391  0.90%  46.3  470s
 27982 14738 1079.86714   72   92 1086.46149 1076.65391  0.90%  46.4  476s
 28381 14991 1080.27114  113   58 1086.46149 1076.65391  0.90%  46.4  480s
 29001 15301     cutoff  200      1086.46149 1076.65391  0.90%  46.5  485s
 29616 15619 1079.33841   55  134 1086.46149 1076.66702  0.90%  46.9  492s
 29966 15733 1076.70989   50  118 1086.46149 1076.66702  0.90%  46.8  497s
 30500 16042 1085.45745  122   79 1086.46149 1076.69080  0.90%  47.0  502s
 30785 16240 1080.66159   69  120 1086.46149 1076.69080  0.90%  47.2  505s
 31415 16523 1079.47151   59  101 1086.46149 1076.69080  0.90%  47.4  511s
H31664 15675                    1085.8625100 1076.69080  0.84%  47.5  511s
 32024 16058 1080.26656   44   83 1085.86251 1076.72093  0.84%  47.8  517s
 32399 16179 1085.58641   91  104 1085.86251 1076.74196  0.84%  47.9  521s
 32867 16575 1080.41661  179  124 1085.86251 1076.74410  0.84%  48.0  528s
 33348 16712 1078.98315   52   94 1085.86251 1076.74447  0.84%  47.9  531s
 33746 16815 1078.85705   49  174 1085.86251 1076.77741  0.84%  48.1  535s
 34624 17441 1083.31175  130   70 1085.86251 1076.78499  0.84%  48.6  543s
 35179 17674 1083.37142  173   85 1085.86251 1076.78499  0.84%  48.7  547s
 35728 17926     cutoff  228      1085.86251 1076.79174  0.84%  48.7  551s
 36322 17993     cutoff  277      1085.86251 1076.79174  0.84%  48.8  555s
 36676 18048 1085.72920  309   48 1085.86251 1076.79174  0.84%  48.8  561s
 36893 18590     cutoff  318      1085.86251 1076.80948  0.83%  48.8  566s
 37730 18870 1078.59276   49  154 1085.86251 1076.83925  0.83%  49.0  571s
 38320 19305 1083.11092  118  122 1085.86251 1076.83925  0.83%  49.2  576s
 39059 19818 1078.66584   45  121 1085.86251 1076.85294  0.83%  49.3  584s
 39928 19825 1085.78315  151  133 1085.86251 1076.85781  0.83%  49.7  588s
 40272 20239 1078.85667   84   25 1085.86251 1076.85781  0.83%  50.1  593s
 40997 20408 1081.74885   83   80 1085.86251 1076.87526  0.83%  50.4  598s
 41555 20913 1079.69165   61  170 1085.86251 1076.90479  0.82%  50.6  603s
 42395 21281 1082.09920   81  137 1085.86251 1076.91401  0.82%  50.8  608s
 43150 21683 1081.52886   62  143 1085.86251 1076.91783  0.82%  50.8  612s
 43871 21966 1078.70218  108   57 1085.86251 1076.91783  0.82%  50.7  617s
 44447 22425 1083.79848  190  187 1085.86251 1076.91783  0.82%  50.7  621s
 45158 22456 1079.05002   67  123 1085.86251 1076.91783  0.82%  50.5  627s
H45271 21586                    1085.5991076 1076.91783  0.80%  50.6  627s
 45448 21687 1080.72276  111   87 1085.59911 1076.91783  0.80%  50.5  631s
 45637 22314 1081.01327  133   92 1085.59911 1076.91783  0.80%  50.5  636s
 46417 22701 1077.28485   55   33 1085.59911 1076.91789  0.80%  50.5  640s
 47093 23181 1083.59197  174   97 1085.59911 1076.91789  0.80%  50.5  645s
 48588 23915 1077.05292   46  103 1085.59911 1076.91789  0.80%  50.3  654s
 49333 24207 1077.52293  164   24 1085.59911 1076.91789  0.80%  50.2  658s

Cutting planes:
  Learned: 10
  Gomory: 46
  Lift-and-project: 3
  Cover: 19
  Implied bound: 104
  Projected implied bound: 52
  MIR: 62
  Mixing: 7
  StrongCG: 3
  Flow cover: 155
  GUB cover: 2
  Inf proof: 12
  Zero half: 51
  RLT: 109
  Relax-and-lift: 154
  BQP: 24
  PSD: 10

Explored 50003 nodes (2521152 simplex iterations) in 659.19 seconds (913.06 work units)
Thread count was 12 (of 12 available processors)

Solution count 10: 1085.6 1085.86 1086.46 ... 1088.86

Solve interrupted
Best objective 1.085599107600e+03, best bound 1.076917892557e+03, gap 0.7997%
