
Gurobi 13.0.2 (win64) logging started Sun May 24 18:08:04 2026

Set parameter LogFile to value "gurobi_run_base.log"
Gurobi Optimizer version 13.0.2 build v13.0.2rc1 (win64 - Windows 10.0 (19045.2))

CPU model: AMD Ryzen 5 3600 6-Core Processor, instruction set [SSE2|AVX|AVX2]
Thread count: 6 physical cores, 12 logical processors, using up to 12 threads

Optimize a model with 25819 rows, 22088 columns and 180913 nonzeros (Min)
Model fingerprint: 0xe5a9db77
Model has 21966 linear objective coefficients
Variable types: 122 continuous, 21966 integer (21966 binary)
Coefficient statistics:
  Matrix range     [1e+00, 5e+02]
  Objective range  [1e-03, 3e+02]
  Bounds range     [1e+00, 4e+02]
  RHS range        [1e+00, 5e+02]

Presolve removed 11467 rows and 6914 columns
Presolve time: 0.28s
Presolved: 14352 rows, 15174 columns, 113190 nonzeros
Variable types: 120 continuous, 15054 integer (15054 binary)
Deterministic concurrent LP optimizer: primal and dual simplex
Showing primal log only...

Concurrent spin time: 0.00s

Solved with dual simplex

Use crossover to convert LP symmetric solution to basic solution...
Crossover time: 0.02 seconds (0.01 work units)

Root relaxation: objective 4.562382e+01, 1035 iterations, 0.09 seconds (0.07 work units)

    Nodes    |    Current Node    |     Objective Bounds      |     Work
 Expl Unexpl |  Obj  Depth IntInf | Incumbent    BestBd   Gap | It/Node Time

     0     0   45.62382    0  125          -   45.62382      -     -    0s
     0     0   45.98495    0  140          -   45.98495      -     -    2s
     0     0   49.47021    0  152          -   49.47021      -     -    3s
     0     0   50.58839    0  165          -   50.58839      -     -    3s
     0     0   57.54829    0  169          -   57.54829      -     -    3s
     0     0   57.60768    0  180          -   57.60768      -     -    3s
     0     0   57.61034    0  178          -   57.61034      -     -    4s
     0     0   57.61034    0  184          -   57.61034      -     -    4s
     0     0   58.08362    0  170          -   58.08362      -     -    4s
     0     0   58.15688    0  179          -   58.15688      -     -    5s
     0     0   58.17365    0  180          -   58.17365      -     -    5s
     0     0   58.17365    0  177          -   58.17365      -     -    5s
     0     0   58.17365    0  198          -   58.17365      -     -    6s
     0     0   58.17365    0  194          -   58.17365      -     -    6s
     0     0   58.17365    0  192          -   58.17365      -     -    6s
     0     0   58.17365    0  191          -   58.17365      -     -    6s
     0     0   58.17369    0  199          -   58.17369      -     -    7s
     0     0   58.17369    0  199          -   58.17369      -     -    7s
     0     0   58.17369    0  150          -   58.17369      -     -    7s
     0     2   58.38705    0  138          -   58.38705      -     -    8s
    42    52   58.38981    9  134          -   58.38705      -  45.6   10s
   212   222   59.33682   45  143          -   58.38705      -  28.0   15s
   846   914   59.47942   59  132          -   58.38705      -  28.1   20s
  2630  2742  574.72979  245   99          -   58.38705      -  35.8   25s
  4328  4361  838.36610  496   46          -   58.38705      -  38.5   30s
  4486  4365  328.30903  400  168          -   58.38705      -  38.9   35s
  4494  4370  339.14630  496  130          -   58.48139      -  38.8   40s
  4503  4376   59.86705   26  121          -   59.86705      -  38.7   45s
  4511  4381   60.05163    8  160          -   60.05163      -  38.7   51s
H 4511  4161                    1632.1963344   60.05163  96.3%  38.7   51s
H 4511  3952                    1630.5708900   60.05163  96.3%  38.7   51s
H 4511  3754                    1629.4577616   60.05163  96.3%  38.7   51s
H 4511  3566                    1628.8749372   60.05163  96.3%  38.7   51s
H 4511  3387                    1627.6428240   60.05163  96.3%  38.7   51s
H 4513  3219                    1365.0039552   60.06435  95.6%  38.6   53s
H 4516  3060                    1360.9969212   60.11062  95.6%  38.6   55s
H 4516  2906                    1360.8404364   60.11062  95.6%  38.6   55s
H 4516  2760                    1360.6623816   60.11062  95.6%  38.6   55s
H 4518  2622                    1357.6599624   60.12554  95.6%  38.6   56s
H 4518  2491                    1356.6642468   60.12554  95.6%  38.6   56s
H 4524  2369                    1355.5020252   60.24356  95.6%  38.5   60s
  4530  2373   60.52547   10  201 1355.50203   60.52547  95.5%  38.5   65s
  4541  2380  345.52508  601  219 1355.50203   60.69856  95.5%  38.4   70s
H 4543  2262                    1355.1235860   60.73603  95.5%  38.4   72s
  4550  2266   69.09730  161  254 1355.12359   60.85723  95.5%  38.3   75s
H 4555  2155                    1353.9613644   61.04726  95.5%  38.3   79s
  4557  2156   65.77324  145  263 1353.96136   61.11283  95.5%  38.3   80s
  4566  2162   65.58393  165  281 1353.96136   61.29341  95.5%  38.2   85s
H 4566  2053                    1353.0730548   61.29341  95.5%  38.2   85s
H 4566  1949                    1351.9108332   61.29341  95.5%  38.2   85s
H 4573  1857                    1351.5500412   61.34873  95.5%  46.9   90s
  4583  1863   80.57752  421  248 1351.55004   61.34873  95.5%  46.8   95s
  4589  1867   63.72420  100  306 1351.55004   61.34873  95.5%  46.7  100s
H 4595  1777                    1350.9978144   61.34873  95.5%  46.7  104s
  4596  1778   66.96334  114  309 1350.99781   61.34873  95.5%  46.7  105s
H 4598  1689                    1350.9951792   61.34873  95.5%  46.6  109s
  4599  1690  318.01211  166  232 1350.99518   61.34873  95.5%  46.6  110s
  4701  1755  444.99986   36  295 1350.99518   61.34873  95.5%  53.7  115s
  4800  1816  316.74780   45  205 1350.99518   61.34873  95.5%  55.3  120s
H 4803  1730                    1349.3254068   61.34873  95.5%  55.3  120s
H 4844  1674                    1349.0480868   61.34873  95.5%  56.1  121s
H 4872  1613                    1348.0928628   61.34873  95.4%  56.7  123s
H 4893  1558                    1347.9093432   61.34873  95.4%  57.0  124s
  4914  1579  316.89447   55  204 1347.90934   61.34873  95.4%  57.4  125s
H 4942  1528                    1347.8536704   61.34873  95.4%  58.0  126s
H 4959  1473                    1347.0267888   61.34873  95.4%  58.5  127s
H 5000  1433                    1345.1380224   61.34873  95.4%  59.4  128s
  5037  1451  572.51070   62  165 1345.13802   61.34873  95.4%  60.0  130s
H 5040  1390                    1342.9018200   61.34873  95.4%  60.0  130s
H 5072  1355                    1342.8577812   61.34873  95.4%  60.6  133s
H 5108  1325                    1342.0757796   61.34873  95.4%  61.6  134s
  5117  1356  573.12340   67   99 1342.07578   61.34873  95.4%  61.7  135s
H 5341  1421                    1340.2960056   61.34873  95.4%  63.4  139s
  5346  1459  573.61753   81  162 1340.29601   61.34873  95.4%  63.5  140s
H 5515  1476                    1340.2075512   61.34873  95.4%  64.6  143s
  5572  1558  576.61318   92  158 1340.20755   61.34873  95.4%  64.9  145s
H 5821  1578                    1085.3144388   61.34873  94.3%  66.5  149s
  5828  1639  580.18105  105  138 1085.31444   61.34873  94.3%  66.5  150s
H 5892  1581                    1085.0262840   61.34873  94.3%  67.2  151s
H 5961  1608                    1084.3168644   61.34873  94.3%  68.1  154s
  5994  1667  577.34853  114  173 1084.31686   61.34873  94.3%  68.3  155s
H 6085  1616                    1084.2478704   61.34873  94.3%  69.0  156s
H 6088  1577                    1084.2476616   61.34873  94.3%  69.0  156s
  6316  1765  580.57511  130  141 1084.24766   61.34873  94.3%  70.2  160s
H 6506  1781                    1083.9422760   61.34873  94.3%  71.6  164s
  6511  1796  583.77027  142  159 1083.94228   61.34873  94.3%  71.6  165s
  6771  2129  581.29404  158  157 1083.94228   61.34873  94.3%  73.0  170s
  7155  2460  839.25764  166   90 1083.94228   61.34873  94.3%  74.5  175s
H 7338  2526                    1083.8732820   61.34873  94.3%  74.4  177s
  7641  2951  850.05206  220   67 1083.87328   61.34873  94.3%  74.4  181s
  8115  3348  313.99537   42  133 1083.87328   61.34873  94.3%  73.4  186s
  8491  3860  319.25766   81   92 1083.87328   61.34873  94.3%  73.5  191s
  8885  4214  579.50958  102  143 1083.87328   61.34873  94.3%  73.2  196s
H 9103  4214                    1083.8730686   61.34873  94.3%  72.5  196s
  9166  4439  580.72760  141  118 1083.87307   61.34873  94.3%  72.4  202s
  9398  4614  582.04811  187   97 1083.87307   61.34873  94.3%  71.7  205s
H 9540  4614                    1083.5910912   61.34873  94.3%  71.9  205s
H 9668  4772                    1083.5910900   61.34873  94.3%  72.1  208s
  9773  4992  311.03622   36  178 1083.59109   61.34873  94.3%  71.9  211s
 10293  5435  582.44942   95  122 1083.59109   61.34873  94.3%  72.0  217s
 10582  5564 infeasible   34      1083.59109   61.34873  94.3%  72.8  221s
 11160  6303  320.04851   62  162 1083.59109   61.34873  94.3%  73.1  228s
 11612  6976   61.55252   42  261 1083.59109   61.34873  94.3%  72.2  231s
 12348  7447  850.00461  158   98 1083.59109   61.34873  94.3%  70.9  235s
 12896  7843  316.92530   58  209 1083.59109   61.34873  94.3%  70.4  242s
 13421  8026  311.90060   32  169 1083.59109   61.34873  94.3%  70.5  246s
 13865  8824  310.90805   33  176 1083.59109   61.34873  94.3%  70.9  253s
 14496  9359  845.97528  161   54 1083.59109   61.34873  94.3%  71.0  257s
 15113  9513  573.74901   95  107 1083.59109   61.49210  94.3%  71.0  261s
 15298 10072  578.25833  126  126 1083.59109   61.49210  94.3%  71.0  265s
 16427 11135  572.60799   61  190 1083.59109   61.52553  94.3%  70.0  273s
 17150 11742  582.25574  203  158 1083.59109   61.53952  94.3%  69.7  277s
 17819 12375  832.61929  376   31 1083.59109   61.54028  94.3%  68.9  281s
 18513 12928  867.07290  595   22 1083.59109   61.54028  94.3%  67.9  286s
 19193 13289  570.65171   73   99 1083.59109   61.57242  94.3%  67.4  291s
 19558 13726  855.09929  237   73 1083.59109   61.74502  94.3%  67.2  296s
 20083 14026  317.10524   54  142 1083.59109   61.77937  94.3%  67.2  300s
 20441 14299  592.47286   92   85 1083.59109   61.77937  94.3%  67.7  305s
 20753 14965 infeasible   97      1083.59109   61.77937  94.3%  67.6  310s
 21547 15428  846.45643  102   55 1083.59109   61.94064  94.3%  67.2  315s
 22065 16104  581.14659   89  127 1083.59109   61.94064  94.3%  67.0  321s
 22836 16107  858.04529  180   37 1083.59109   61.94064  94.3%  66.3  326s
 22844 16171  858.05133  181   41 1083.59109   61.94064  94.3%  66.3  330s
H22845 16171                    1083.1411008   61.94064  94.3%  66.3  330s
 22908 16285  858.07676  182   37 1083.14110   61.94064  94.3%  66.2  336s
 23044 16949  866.87703  227   31 1083.14110   61.94064  94.3%  66.5  341s
 23807 17380  328.79521  100  109 1083.14110   61.94064  94.3%  66.7  345s
 24261 18269  853.89532  151   81 1083.14110   61.94064  94.3%  66.6  350s
 25304 18959  317.82887   81  159 1083.14110   63.29631  94.2%  66.0  356s
 26074 18960  577.32666  118  150 1083.14110   63.31343  94.2%  65.6  400s
 26077 18962  839.42371  152  180 1083.14110   63.31343  94.2%  65.6  405s
 26085 18967  851.15110  284  325 1083.14110   63.31343  94.2%  65.6  410s
 26088 18969  580.77667  113  277 1083.14110   63.31343  94.2%  65.6  416s
 26092 18972  600.16781  182  284 1083.14110   63.31343  94.2%  65.6  422s
 26096 18975  879.49492  368  318 1083.14110   63.31343  94.2%  65.6  428s
 26098 18976  576.17715  101  348 1083.14110   63.31343  94.2%  65.6  431s
 26100 18977  833.12161  194  333 1083.14110   63.31343  94.2%  65.6  436s
 26102 18979  580.06450  139  328 1083.14110   63.31343  94.2%  65.6  442s
 26103 18979  580.04350  134  293 1083.14110   63.31343  94.2%  65.6  445s
 26110 18984  588.37149   75  266 1083.14110   63.31343  94.2%  65.5  452s
 26113 18986  571.71578   91  277 1083.14110   63.31343  94.2%  65.5  455s
 26118 18989  847.26064  170  330 1083.14110   63.31343  94.2%  65.5  462s
 26119 18990  579.96195  145  283 1083.14110   63.31343  94.2%  65.5  465s
 26125 18994  864.18154  429  227 1083.14110   63.31343  94.2%  65.5  472s
 26126 18995  571.56242   85  268 1083.14110   63.31343  94.2%  65.5  475s
 26128 18996  315.11470   65  242 1083.14110   63.31343  94.2%  65.5  480s
 26130 18997  843.23486  128  243 1083.14110   63.31343  94.2%  65.5  485s
 26132 18999  873.90364  543  297 1083.14110   63.31343  94.2%  65.5  491s
 26133 18999  853.04492  152  232 1083.14110   63.31343  94.2%  65.5  495s
 26135 19001  317.06904   79  245 1083.14110   63.31343  94.2%  65.5  500s
 26138 19003  589.45907  150  257 1083.14110   63.31343  94.2%  65.5  505s
 26140 19004  576.38616   98  255 1083.14110   63.31343  94.2%  65.5  510s
 26142 19005  314.58045   45  237 1083.14110   63.31343  94.2%  65.5  516s

Cutting planes:
  Learned: 7
  Gomory: 29
  Lift-and-project: 30
  Cover: 13
  Implied bound: 29
  Projected implied bound: 30
  MIR: 31
  Mixing: 1
  StrongCG: 2
  Flow cover: 173
  GUB cover: 13
  Inf proof: 1
  Zero half: 30
  RLT: 92
  Relax-and-lift: 24
  BQP: 13

Explored 26143 nodes (1746274 simplex iterations) in 520.54 seconds (637.93 work units)
Thread count was 12 (of 12 available processors)

Solution count 10: 1083.14 1083.59 1083.59 ... 1085.31

Solve interrupted
Best objective 1.083141100800e+03, best bound 6.331343491421e+01, gap 94.1546%
