Gurobi 13.0.1 (win64) logging started Thu May 28 15:09:09 2026

Set parameter LogFile to value "gurobi_run_step3.log"
Set parameter MIPGap to value 0.03
Set parameter NoRelHeurTime to value 15
Set parameter Presolve to value 1
Set parameter Heuristics to value 0
Gurobi Optimizer version 13.0.2 build v13.0.2rc1 (win64 - Windows 10.0 (19045.2))

CPU model: AMD Ryzen 5 3600 6-Core Processor, instruction set [SSE2|AVX|AVX2]
Thread count: 6 physical cores, 12 logical processors, using up to 12 threads

Non-default parameters:
MIPGap  0.03
Heuristics  0
NoRelHeurTime  15
Presolve  1

Optimize a model with 8057 rows, 18427 columns and 123796 nonzeros (Min)
Model fingerprint: 0x674eb131
Model has 18305 linear objective coefficients
Variable types: 122 continuous, 18305 integer (18305 binary)
Coefficient statistics:
  Matrix range     [1e+00, 5e+02]
  Objective range  [1e-03, 3e+02]
  Bounds range     [1e+00, 4e+02]
  RHS range        [1e+00, 1e+03]

Presolve removed 3217 rows and 5762 columns
Presolve time: 0.12s
Presolved: 4840 rows, 12665 columns, 80067 nonzeros
Variable types: 120 continuous, 12545 integer (12545 binary)
Starting NoRel heuristic
Found phase-1 solution: relaxation 1257.57
Found phase-1 solution: relaxation 1234.57
Found phase-1 solution: relaxation 1086.18
Found phase-1 solution: relaxation 143.98
Found phase-1 solution: relaxation 142.98
Found phase-1 solution: relaxation 136.98
Found phase-1 solution: relaxation 21
Found phase-1 solution: relaxation 18
Found phase-1 solution: relaxation 8
Found phase-1 solution: relaxation 6
Found phase-1 solution: relaxation 4
Found phase-1 solution: relaxation 2
Elapsed time for NoRel heuristic: 6s (best bound 1073.08)
Found phase-1 solution: relaxation 0
Found heuristic solution: objective 1439.8249980
Transition to phase 2
Found heuristic solution: objective 1438.0653312
Found heuristic solution: objective 1428.3898116
Elapsed time for NoRel heuristic: 11s (best bound 1073.08)
Found heuristic solution: objective 1424.1333852
Found heuristic solution: objective 1417.5951348
Found heuristic solution: objective 1408.8024408
Found heuristic solution: objective 1404.1117764
Found heuristic solution: objective 1399.9409760
Found heuristic solution: objective 1390.1092500
Found heuristic solution: objective 1383.6826980
Found heuristic solution: objective 1383.6070080
Found heuristic solution: objective 1381.7867844
Found heuristic solution: objective 1378.8049632
Found heuristic solution: objective 1378.5020628
Found heuristic solution: objective 1368.9700164
Found heuristic solution: objective 1367.8231128
Found heuristic solution: objective 1366.8832416
Found heuristic solution: objective 1365.4417908
Found heuristic solution: objective 1365.2432988
Found heuristic solution: objective 1361.4634500
Found heuristic solution: objective 1360.7713812
Found heuristic solution: objective 1360.4171484
Found heuristic solution: objective 1360.2493836
Found heuristic solution: objective 1360.1998128
NoRel heuristic complete

Root simplex log...

Iteration    Objective       Primal Inf.    Dual Inf.      Time
       0    0.0000000e+00   2.420000e+02   0.000000e+00     16s
    1438    1.0730792e+03   0.000000e+00   0.000000e+00     16s

Root relaxation: objective 1.073079e+03, 1438 iterations, 0.09 seconds (0.09 work units)

    Nodes    |    Current Node    |     Objective Bounds      |     Work
 Expl Unexpl |  Obj  Depth IntInf | Incumbent    BestBd   Gap | It/Node Time

     0     0 1073.07922    0   91 1360.19981 1073.07922  21.1%     -   15s
     0     0 1075.86507    0   57 1360.19981 1075.86507  20.9%     -   16s
     0     0 1075.86507    0   70 1360.19981 1075.86507  20.9%     -   16s
     0     0 1075.86507    0   68 1360.19981 1075.86507  20.9%     -   16s
     0     0 1075.92350    0  155 1360.19981 1075.92350  20.9%     -   16s
     0     0 1075.92350    0  155 1360.19981 1075.92350  20.9%     -   16s
     0     0 1075.94324    0  148 1360.19981 1075.94324  20.9%     -   16s
     0     0 1075.94324    0  148 1360.19981 1075.94324  20.9%     -   16s
     0     0 1075.94324    0  151 1360.19981 1075.94324  20.9%     -   17s
     0     0 1075.94324    0  151 1360.19981 1075.94324  20.9%     -   17s
     0     0 1075.94324    0  156 1360.19981 1075.94324  20.9%     -   17s
     0     0 1075.94324    0  118 1360.19981 1075.94324  20.9%     -   17s
     0     0 1075.94324    0  118 1360.19981 1075.94324  20.9%     -   17s
     0     0 1075.94324    0  125 1360.19981 1075.94324  20.9%     -   17s
     0     0 1075.94324    0  109 1360.19981 1075.94324  20.9%     -   17s
     0     0 1075.94324    0  109 1360.19981 1075.94324  20.9%     -   17s
     0     0 1075.94324    0  109 1360.19981 1075.94324  20.9%     -   17s
     0     2 1075.94324    0  109 1360.19981 1075.94324  20.9%     -   17s
  1033  1060 1079.17651  105   53 1360.19981 1075.95410  20.9%  34.0   20s
  3746  3483 1082.86971  156   86 1360.19981 1075.97861  20.9%  34.8   25s
  3759  3492 1079.31224   56  122 1360.19981 1076.29940  20.9%  34.7   30s
H 3771  3324                    1357.8767652 1076.33708  20.7%  34.5   34s
H 3771  3157                    1357.5564540 1076.33708  20.7%  34.5   34s
  3773  3158 1081.95140   82  152 1357.55645 1076.33708  20.7%  34.5   35s
  3791  3172 1087.01668  136  158 1357.55645 1076.33978  20.7%  36.1   40s
  3814  3187 1076.64159   41  199 1357.55645 1076.44471  20.7%  35.9   45s
  4165  3432 1078.41324   54   34 1357.55645 1076.44592  20.7%  42.0   50s
  4876  3918 1078.82226  100   61 1357.55645 1076.44592  20.7%  47.8   55s
  5907  4603 1084.17187  146   55 1357.55645 1076.44592  20.7%  53.8   60s
  7256  5425 1099.97270  236   27 1357.55645 1076.45058  20.7%  56.9   65s
  8587  6242 1099.26315  315   47 1357.55645 1076.45083  20.7%  56.1   70s
 10172  7373 1076.77836   34   43 1357.55645 1076.45083  20.7%  55.7   76s
 11872  8289 1085.61729   54   64 1357.55645 1076.45083  20.7%  54.7   80s
 13278  8987 1097.91123  171   16 1357.55645 1076.46674  20.7%  53.7   85s
 14911 10453 1356.43543  142   32 1357.55645 1076.48624  20.7%  53.4   90s
 16676 12038 1087.78188  144  102 1357.55645 1076.48624  20.7%  52.5   95s
 19022 13956 1339.30330  114  111 1357.55645 1076.49461  20.7%  51.9  101s
 20264 15264 1352.99899  236   15 1357.55645 1076.49461  20.7%  51.4  105s
*20293 15014             259    1356.1124340 1076.49461  20.6%  51.3  105s
 22540 16950 1077.41485   52  128 1356.11243 1076.52779  20.6%  50.7  111s
 24557 18616     cutoff  361      1356.11243 1076.53359  20.6%  49.5  116s
 25576 19506 1077.72678   80   64 1356.11243 1076.54263  20.6%  50.2  120s
 27893 21845 1080.00454  163   49 1356.11243 1076.54780  20.6%  50.9  127s
H29825 21592                    1353.3313104 1076.55261  20.5%  50.4  147s
 29826 21571 1344.32721  116  109 1353.33131 1076.55261  20.5%  50.4  150s
 29839 21580 1077.72546   78  166 1353.33131 1076.55261  20.5%  50.4  156s
 29841 21581 1084.20643   81  165 1353.33131 1076.55261  20.5%  50.4  160s
 29846 21584 1081.42079  131  127 1353.33131 1076.55261  20.5%  50.3  165s
 29851 21588 1100.63891  252  178 1353.33131 1076.55261  20.5%  50.3  170s
 29855 21590 1082.53101  127  176 1353.33131 1076.55261  20.5%  50.3  175s
 29859 21593 1077.56014   41  169 1353.33131 1076.55261  20.5%  50.3  181s
 29865 21597 1095.10597  177  210 1353.33131 1076.55261  20.5%  50.3  186s
 29869 21600 1081.40330  348  222 1353.33131 1076.55261  20.5%  50.3  190s
 29875 21604 1352.09591  276  233 1353.33131 1076.55261  20.5%  50.3  195s
 29879 21606 1107.34593  127  235 1353.33131 1076.55261  20.5%  50.3  201s
 29883 21609 1110.12484  230  220 1353.33131 1076.55261  20.5%  50.3  205s
 29888 21612 1079.50381   69  263 1353.33131 1076.55261  20.5%  50.3  210s
 29892 21615 1085.25244  158  251 1353.33131 1076.55261  20.5%  50.3  216s
H29892 20533                    1353.1872540 1076.55261  20.4%  50.3  216s
 29895 20535 1079.75467   75  265 1353.18725 1076.55261  20.4%  50.3  221s
 29899 20538 1347.90047  173  268 1353.18725 1076.55261  20.4%  50.3  225s
 29905 20542 1077.86118   65  252 1353.18725 1076.55261  20.4%  50.2  231s
 29909 20544 1088.78005  222  260 1353.18725 1076.55261  20.4%  50.2  236s
 29912 20546 1116.35836  300  251 1353.18725 1076.55261  20.4%  50.2  240s
 29915 20548 1087.98248   65  254 1353.18725 1076.55281  20.4%  50.2  245s
 29920 20552 1083.61817   64  259 1353.18725 1076.55860  20.4%  50.2  250s
 29923 20554 1082.41280   56  257 1353.18725 1076.55935  20.4%  50.2  256s
 29926 20556 1344.32721  116  251 1353.18725 1076.55998  20.4%  50.2  261s
 29928 20557 1098.99974  278  286 1353.18725 1076.56095  20.4%  50.2  266s
 29930 20558 1077.89212   62  269 1353.18725 1076.56115  20.4%  50.2  271s
 29932 20560 1091.80620  101  269 1353.18725 1076.56431  20.4%  50.2  275s
 29935 20562 1102.50389  309  267 1353.18725 1076.56450  20.4%  50.2  281s
H29935 19532                    1104.2800476 1076.56450  2.51%  50.2  281s

Cutting planes:
  Learned: 9
  Gomory: 32
  Lift-and-project: 1
  Cover: 10
  Implied bound: 18
  Projected implied bound: 12
  MIR: 21
  StrongCG: 1
  Flow cover: 120
  GUB cover: 5
  Zero half: 2
  RLT: 53
  Relax-and-lift: 13

Explored 29935 nodes (1519404 simplex iterations) in 281.70 seconds (244.17 work units)
Thread count was 8 (of 8 available processors)

Solution count 10: 1104.28 1353.19 1353.33 ... 1360.77

Optimal solution found (tolerance 3.00e-02)
Best objective 1.104280047600e+03, best bound 1.076564496667e+03, gap 2.5098%
