Gurobi 13.0.2 (win64) logging started Sun May 24 18:27:36 2026

Set parameter LogFile to value "gurobi_run_with_min_vehicle_cut.log"
Gurobi Optimizer version 13.0.2 build v13.0.2rc1 (win64 - Windows 10.0 (19045.2))

CPU model: AMD Ryzen 5 3600 6-Core Processor, instruction set [SSE2|AVX|AVX2]
Thread count: 6 physical cores, 12 logical processors, using up to 12 threads

Optimize a model with 25820 rows, 22088 columns and 180919 nonzeros (Min)
Model fingerprint: 0x80b43e60
Model has 21966 linear objective coefficients
Variable types: 122 continuous, 21966 integer (21966 binary)
Coefficient statistics:
  Matrix range     [1e+00, 5e+02]
  Objective range  [1e-03, 3e+02]
  Bounds range     [1e+00, 4e+02]
  RHS range        [1e+00, 5e+02]

Presolve removed 11467 rows and 6914 columns
Presolve time: 0.29s
Presolved: 14353 rows, 15174 columns, 113196 nonzeros
Variable types: 120 continuous, 15054 integer (15054 binary)
Deterministic concurrent LP optimizer: primal and dual simplex
Showing primal log only...

Concurrent spin time: 0.00s

Solved with dual simplex

Use crossover to convert LP symmetric solution to basic solution...
Crossover time: 0.02 seconds (0.01 work units)

Root relaxation: objective 1.073079e+03, 807 iterations, 0.09 seconds (0.07 work units)

    Nodes    |    Current Node    |     Objective Bounds      |     Work
 Expl Unexpl |  Obj  Depth IntInf | Incumbent    BestBd   Gap | It/Node Time

     0     0 1073.07863    0   66          - 1073.07863      -     -    0s
     0     0 1073.07863    0   89          - 1073.07863      -     -    1s
     0     0 1075.88298    0  173          - 1075.88298      -     -    2s
     0     0 1075.94354    0  153          - 1075.94354      -     -    2s
     0     0 1075.94354    0  153          - 1075.94354      -     -    2s
     0     0 1076.00821    0  149          - 1076.00821      -     -    2s
     0     0 1076.00821    0  149          - 1076.00821      -     -    2s
     0     0 1076.01121    0  158          - 1076.01121      -     -    2s
     0     0 1076.04534    0  162          - 1076.04534      -     -    2s
     0     0 1076.05407    0  158          - 1076.05407      -     -    2s
     0     0 1076.09384    0  162          - 1076.09384      -     -    3s
     0     0 1076.09565    0  127          - 1076.09565      -     -    6s
     0     0 1076.09565    0  139          - 1076.09565      -     -    6s
     0     0 1076.09565    0  129          - 1076.09565      -     -    6s
     0     0 1076.09565    0  129          - 1076.09565      -     -    6s
     0     0 1076.09565    0  137          - 1076.09565      -     -    7s
     0     0 1076.09565    0  137          - 1076.09565      -     -    7s
     0     0 1076.09565    0  124          - 1076.09565      -     -    7s
     0     0 1076.09565    0  116          - 1076.09565      -     -    7s
     0     0 1076.09565    0  146          - 1076.09565      -     -    7s
     0     0 1076.09565    0  134          - 1076.09565      -     -    8s
     0     0 1076.09565    0   67          - 1076.09565      -     -    8s
     0     0 1076.09565    0   67          - 1076.09565      -     -    8s
     0     0 1076.09565    0  113          - 1076.09565      -     -    8s
     0     0 1076.09565    0   63          - 1076.09565      -     -    8s
     0     0 1076.09565    0  107          - 1076.09565      -     -    8s
     0     0 1076.09565    0  111          - 1076.09565      -     -    8s
     0     0 1076.09565    0   60          - 1076.09565      -     -    9s
     0     0 1076.09565    0   66          - 1076.09565      -     -    9s
     0     0 1076.09565    0   66          - 1076.09565      -     -    9s
     0     0 1076.09565    0   66          - 1076.09565      -     -    9s
     0     0 1076.09565    0   66          - 1076.09565      -     -    9s
     0     0 1076.09565    0   66          - 1076.09565      -     -    9s
     0     2 1076.34790    0   66          - 1076.34790      -     -   11s
H   13    21                    1617.7965936 1076.34790  33.5%  92.1   11s
H   20    31                    1615.5587832 1076.34790  33.4%   144   11s
H   51    56                    1615.2337044 1076.34790  33.4%   105   12s
H   54    56                    1609.9471824 1076.34790  33.1%   103   12s
H   55    56                    1608.2692500 1076.34790  33.1%   101   12s
H   63    68                    1607.9441712 1076.34790  33.1%  94.9   12s
H   66    68                    1606.6728012 1076.34790  33.0%  92.0   12s
H  347   350                    1606.4637336 1076.34790  33.0%  50.6   14s
   502   534 1080.94738   49   80 1606.46373 1076.34790  33.0%  45.7   15s
H  665   654                    1605.3925428 1076.34790  33.0%  44.8   15s
H  817   763                    1603.6575540 1076.34790  32.9%  44.1   18s
  1053  1011 1084.48070  106   57 1603.65755 1076.34790  32.9%  45.5   20s
H 1857  1736                    1602.8807388 1076.34790  32.8%  42.2   24s
H 1859  1736                    1602.3466356 1076.34790  32.8%  42.2   24s
  1892  1837 1076.34790   18   37 1602.34664 1076.34790  32.8%  41.9   25s
H 2035  1860                    1602.3294708 1076.34790  32.8%  41.4   27s
H 2037  1864                    1600.4017884 1076.34790  32.7%  41.4   28s
H 2040  1864                    1600.2081432 1076.34790  32.7%  41.4   28s
  2423  2169 1076.99969   34   66 1600.20814 1076.34790  32.7%  39.6   31s
H 2424  2061                    1599.8659008 1076.34790  32.7%  39.6   33s
H 2425  1958                    1599.7720320 1076.34790  32.7%  39.6   35s
  2436  1966 1088.76240  161   34 1599.77203 1076.34790  32.7%  39.4   40s
H 2436  1867                    1598.6820828 1076.34790  32.7%  39.4   40s
H 2440  1776                    1598.4910248 1076.34790  32.7%  39.4   40s
H 2440  1686                    1352.7040692 1076.34790  20.4%  39.4   40s
H 2441  1603                    1352.6754252 1076.34790  20.4%  39.4   41s
H 2442  1523                    1352.1924816 1076.37566  20.4%  39.3   42s
H 2442  1447                    1351.8449172 1076.37566  20.4%  39.3   42s
H 2444  1375                    1351.8162732 1076.41321  20.4%  39.3   43s
H 2444  1306                    1351.5320640 1076.41321  20.4%  39.3   43s
  2447  1308 1076.41473   51  116 1351.53206 1076.41374  20.4%  39.3   45s
  2458  1315 1351.53206  195   91 1351.53206 1076.43690  20.4%  39.1   52s
  2495  1352 1079.67479   15  168 1351.53206 1076.43690  20.4%  43.4   55s
H 2578  1334                    1351.2295104 1076.43690  20.3%  44.0   59s
H 2580  1271                    1348.9312236 1076.43690  20.2%  43.9   59s
  2585  1299 1078.64537   23   36 1348.93122 1076.43690  20.2%  44.0   60s
H 2648  1293                    1348.4695716 1076.43690  20.2%  45.0   62s
H 2656  1233                    1347.9400308 1076.43690  20.1%  45.1   62s
H 2750  1217                    1343.1900372 1076.43690  19.9%  46.1   64s
H 2759  1163                    1342.5969516 1076.43690  19.8%  46.1   64s
H 2761  1119                    1342.1647920 1076.43690  19.8%  46.2   65s
H 2762  1073                    1341.9978360 1076.43690  19.8%  46.2   65s
H 2818  1062                    1341.7159668 1076.43690  19.8%  47.2   68s
  2895  1154 1078.91348   54   60 1341.71597 1076.43690  19.8%  48.3   70s
  3206  1320 1080.07593   78   22 1341.71597 1076.43690  19.8%  52.9   75s
H 3209  1277                    1341.6681516 1076.43690  19.8%  52.9   75s
H 3211  1236                    1341.5822772 1076.43690  19.8%  52.9   75s
H 3337  1286                    1340.9361780 1076.43690  19.7%  53.7   77s
  3611  1551 1080.15967  103   29 1340.93618 1076.43690  19.7%  54.5   80s
  4017  1726 1084.46029  122   29 1340.93618 1076.43690  19.7%  55.9   85s
  4474  1974 1083.93361  152   35 1340.93618 1076.43690  19.7%  57.5   90s
H 4525  1948                    1340.9361768 1076.43690  19.7%  57.7   92s
  4779  2316 1085.42159  175   45 1340.93618 1076.43690  19.7%  58.9   95s
  4946  2481 1081.59245  185   59 1340.93618 1076.43690  19.7%  59.5  100s
H 5147  2540                    1340.6768148 1076.43690  19.7%  60.3  102s
  5306  2714 1086.43135  212   37 1340.67681 1076.43690  19.7%  60.9  105s
  5595  3181 1083.54292  237   51 1340.67681 1076.43690  19.7%  61.8  110s
  6053  3668 1118.16874  260   58 1340.67681 1076.43690  19.7%  62.0  115s
H 6820  4111                    1340.6434848 1076.43690  19.7%  61.0  121s
  7121  4374 1082.38446  192   93 1340.64348 1076.43690  19.7%  60.0  126s
  7143  4585 1082.38545  193   93 1340.64348 1076.43690  19.7%  59.9  130s
  8138  5711 1084.51418  365   44 1340.64348 1076.43690  19.7%  56.9  137s
  9021  6549 1092.62173  401   52 1340.64348 1076.43690  19.7%  55.0  141s
  9496  6779 infeasible  438      1340.64348 1076.43690  19.7%  54.8  145s
  9992  7321 1087.63363   47  146 1340.64348 1076.43901  19.7%  54.7  151s
H10595  7570                    1338.6482256 1076.43945  19.6%  54.4  154s
 10631  8184 1090.51257   58   84 1338.64823 1076.43945  19.6%  54.5  156s
 11317  8269 1078.64340   77   69 1338.64823 1076.43948  19.6%  53.8  161s
 11693  8788 1081.16675  105   61 1338.64823 1076.43948  19.6%  53.5  168s
 11981  9265 1083.88965  153  117 1338.64823 1076.43948  19.6%  53.3  171s
 12504 10305 1091.83199  288   75 1338.64823 1076.43948  19.6%  52.1  178s
 13651 10735 1079.00378   78   82 1338.64823 1076.43948  19.6%  50.8  180s
 15053 11762 1093.90665  340   85 1338.64823 1076.43948  19.6%  49.2  185s
 15472 12491 1094.12668  356   96 1338.64823 1076.43948  19.6%  49.2  192s
 16754 13300 1089.92621  107   38 1338.64823 1076.44171  19.6%  48.0  196s
 17628 14354 1077.60952   76  129 1338.64823 1076.44948  19.6%  47.5  201s
 18074 14576 1335.57522  152   65 1338.64823 1076.44948  19.6%  47.3  206s
 18860 15403 1087.43988   81   89 1338.64823 1076.44948  19.6%  46.8  211s
 20114 16737 1103.60946  368   69 1338.64823 1076.44948  19.6%  46.2  217s
 20739 17636 1127.24377  503   59 1338.64823 1076.44948  19.6%  46.1  222s
 21711 17671 1088.05304  138   86 1338.64823 1076.44948  19.6%  45.7  225s
 22545 18787 1103.04855  302   83 1338.64823 1076.44948  19.6%  45.6  230s
 23189 19034 1116.92520  415   63 1338.64823 1076.44948  19.6%  45.4  238s
 23222 19330 1116.94648  418   55 1338.64823 1076.44948  19.6%  45.4  241s
 23694 19931 1082.60423   88   60 1338.64823 1076.44948  19.6%  45.2  247s
 24241 20582 1089.94639  194  107 1338.64823 1076.44948  19.6%  45.1  252s
 24969 21549 1097.97897  340   96 1338.64823 1076.45930  19.6%  44.8  255s
 26054 21550 1118.46138  291   66 1338.64823 1076.45964  19.6%  44.2  290s
 26057 21552 1091.39736  141  147 1338.64823 1076.45964  19.6%  44.2  295s
H26061 20477                    1338.4136700 1076.45964  19.6%  44.2  299s
H26061 19453                    1338.3574800 1076.45964  19.6%  44.2  299s
H26061 18480                    1338.3537648 1076.45964  19.6%  44.2  299s
 26066 18483 1107.90254   98  181 1338.35376 1076.45976  19.6%  44.2  301s
 26068 18484 1080.42392   95  152 1338.35376 1076.46097  19.6%  44.2  306s
 26069 18485 1096.36135  377  147 1338.35376 1076.46118  19.6%  44.2  311s
 26071 18486 1079.49681   81  127 1338.35376 1076.46118  19.6%  44.2  316s
 26073 18488 1101.51755  205  162 1338.35376 1076.46118  19.6%  44.2  321s
 26074 18488 1089.72863   98  177 1338.35376 1076.46118  19.6%  44.1  325s
 26076 18490 1087.40086  170  182 1338.35376 1076.46143  19.6%  44.1  330s
H26077 17565                    1097.7126936 1076.46353  1.94%  44.1  336s
H26078 16687                    1097.7126924 1076.46355  1.94%  44.1  341s
H26078 15852                    1097.7078288 1076.46355  1.94%  44.1  341s
H26078 15059                    1097.5868148 1076.46355  1.92%  44.1  341s
H26078 14306                    1097.1319692 1076.46355  1.88%  44.1  341s
 26081 14308 1081.90537  191  166 1097.13197 1076.46471  1.88%  44.1  347s
H26082 13593                    1097.1319680 1076.46471  1.88%  44.1  352s
H26083 12913                    1094.8951416 1076.46481  1.68%  44.1  352s
H26083 12267                    1094.4340020 1076.46481  1.64%  44.1  352s
 26084 12268 1090.09627  240  187 1094.43400 1076.46481  1.64%  44.1  356s
H26084 11654                    1094.1516660 1076.46481  1.62%  44.1  359s
H26084 11071                    1092.8488344 1076.46481  1.50%  44.1  359s
H26084 10517                    1092.7319940 1076.46481  1.49%  44.1  359s
H26084  9990                    1092.7120644 1076.46481  1.49%  44.1  359s
 26086  9991 1092.71206  403  172 1092.71206 1076.46482  1.49%  44.1  362s
 26087  9992 1092.71206  497  173 1092.71206 1076.46482  1.49%  44.1  365s
H26088  9493                    1092.4820784 1076.46482  1.47%  44.1  373s
H26088  9018                    1092.3330528 1076.46482  1.45%  44.1  373s
H26088  8566                    1091.9334324 1076.46482  1.42%  44.1  374s
 26090  8567 1091.93343  527  192 1091.93343 1076.46501  1.42%  44.1  376s
 26091  8568 1091.93343   92  133 1091.93343 1076.47273  1.42%  44.1  380s
 26094  8570 1082.38164  199  193 1091.93343 1076.48240  1.42%  44.1  386s
H26094  8141                    1091.1166188 1076.48241  1.34%  44.1  389s
H26094  7733                    1091.0928384 1076.48241  1.34%  44.1  389s
 26096  7734 1080.04169   91  161 1091.09284 1076.48360  1.34%  44.1  391s
 26098  7735 1091.09284  100  175 1091.09284 1076.48456  1.34%  44.1  396s
 26099  7736 1086.52992  278  177 1091.09284 1076.48456  1.34%  44.1  400s
 26100  7737 1078.29388   89  177 1091.09284 1076.48532  1.34%  44.1  405s
 26103  7739 1091.09284  315  205 1091.09284 1076.48599  1.34%  44.1  412s
 26104  7739 1091.09284  211  201 1091.09284 1076.48617  1.34%  44.1  416s
 26106  7741 1083.72819  180  164 1091.09284 1076.48728  1.34%  44.1  421s
H26106  7353                    1089.6956424 1076.48781  1.21%  44.1  421s
 26108  7354 1078.18610   59  210 1089.69564 1076.48781  1.21%  44.1  425s
H26108  6986                    1089.6355920 1076.48788  1.21%  44.1  425s
 26110  6987 1089.63559  115  218 1089.63559 1076.48788  1.21%  44.1  433s
 26111  6988 1089.63559  460  217 1089.63559 1076.48821  1.21%  44.1  435s
 26113  6989 1089.63559  266  223 1089.63559 1076.48829  1.21%  44.1  441s
 26114  6990 1082.32753  198  217 1089.63559 1076.49188  1.21%  44.1  446s
H26114  6639                    1088.0440704 1076.49188  1.06%  44.1  446s
H26115  6307                    1087.9742664 1076.49198  1.06%  44.1  452s
H26116  5991                    1086.9341976 1076.49927  0.96%  44.1  452s
H26119  5692                    1086.7249260 1076.50534  0.94%  44.1  454s
H26119  5406                    1086.6551220 1076.50534  0.93%  44.1  454s
H26120  5136                    1086.5579340 1076.50534  0.93%  44.1  458s
H26121  4879                    1086.0023520 1076.50534  0.87%  44.1  458s
 26122  4879 1086.00235  430  180 1086.00235 1076.50534  0.87%  44.1  462s
 26123  4880 1083.05672  120  190 1086.00235 1076.50534  0.87%  44.1  465s
 26126  4882 1086.00235  152  199 1086.00235 1076.50670  0.87%  44.1  472s
 26127  4883 1077.71999  120  231 1086.00235 1076.50670  0.87%  44.1  476s
H26128  4637                    1085.6205660 1076.50701  0.84%  44.1  482s
H26129  4405                    1085.5638912 1076.50701  0.83%  44.1  482s
 26131  4406 1085.56389  301  230 1085.56389 1076.50701  0.83%  44.1  487s
 26132  4407 1085.56389  364  220 1085.56389 1076.50701  0.83%  44.1  491s
H26132  4186                    1085.2635588 1076.50701  0.81%  44.1  496s
H26132  3975                    1085.2397784 1076.50701  0.80%  44.1  497s
 26135  3977 1085.23978  233  241 1085.23978 1076.50847  0.80%  44.0  502s
 26136  3978 1085.23978   71  246 1085.23978 1076.50870  0.80%  44.0  506s
 26137  3978 1085.23978  365  203 1085.23978 1076.51206  0.80%  44.0  510s
H26138  3779                    1085.2397772 1076.51250  0.80%  44.0  515s
 26141  3781 1083.84878  188  227 1085.23978 1076.51340  0.80%  44.0  523s
 26142  3782 1085.23978  163  229 1085.23978 1076.51340  0.80%  44.0  526s
H26143  3591                    1085.0337996 1076.51526  0.79%  44.0  531s
 26145  3593 1085.03380  614  192 1085.03380 1076.51736  0.78%  44.0  535s
 26148  3595 1077.41811   51  228 1085.03380 1076.51952  0.78%  44.0  541s
 26150  3596 1085.03380  347  192 1085.03380 1076.51952  0.78%  44.0  547s
 26151  3597 1085.03380  278  235 1085.03380 1076.51952  0.78%  44.0  551s
 26153  3598 1085.03380  113  235 1085.03380 1076.51952  0.78%  44.0  556s
 26155  3599 1076.98232   36  226 1085.03380 1076.52102  0.78%  44.0  561s
 26156  3600 1085.03380  245  229 1085.03380 1076.52102  0.78%  44.0  567s
 26158  3601 1085.03380  251  238 1085.03380 1076.52102  0.78%  44.0  572s
 26161  3603 1077.11100   65  256 1085.03380 1076.52287  0.78%  44.0  580s
 26163  3605 1078.99925  113  241 1085.03380 1076.52613  0.78%  44.0  587s
 26165  3606 1085.03380  284  238 1085.03380 1076.52613  0.78%  44.0  596s
 26168  3608 1080.42392   95  248 1085.03380 1076.52915  0.78%  44.0  602s
 26170  3609 1085.03380  211  246 1085.03380 1076.53072  0.78%  44.0  608s
 26171  3610 1079.49681   81  233 1085.03380 1076.53072  0.78%  44.0  612s
 26172  3611 1078.01252   65  238 1085.03380 1076.53115  0.78%  44.0  615s
 26174  3612 1085.03380   98  239 1085.03380 1076.53182  0.78%  44.0  620s
 26177  3614 1085.03380  400  236 1085.03380 1076.53434  0.78%  44.0  627s
 26178  3615 1085.03380  314  237 1085.03380 1076.53434  0.78%  44.0  630s
 26180  3616 1077.01139   72  237 1085.03380 1076.53787  0.78%  44.0  635s
H26181  3434                    1084.7383224 1076.53844  0.76%  44.0  641s
 26184  3436 1084.73832  240  246 1084.73832 1076.53903  0.76%  44.0  647s
 26185  3436 1077.10561   78  249 1084.73832 1076.53903  0.76%  44.0  650s
 26187  3438 1084.73832  497  262 1084.73832 1076.53911  0.76%  44.0  657s
 26188  3438 1078.50052   69  271 1084.73832 1076.53911  0.76%  44.0  660s
 26191  3440 1084.73832   92  287 1084.73832 1076.54372  0.76%  44.0  666s
 26192  3441 1084.73832   42  276 1084.73832 1076.54382  0.76%  44.0  671s
 26194  3442 1082.38164  199  267 1084.73832 1076.54494  0.76%  43.9  676s
 26196  3444 1080.04169   91  264 1084.73832 1076.54494  0.76%  43.9  682s
 26197  3444 1084.73832  576  274 1084.73832 1076.54494  0.76%  43.9  686s
 26198  3445 1084.73832  100  269 1084.73832 1076.54660  0.76%  43.9  690s
 26200  3446 1078.29388   89  268 1084.73832 1076.54749  0.76%  43.9  695s
 26204  3449 1084.73832  211  250 1084.73832 1076.55064  0.75%  43.9  703s
 26206  3450 1083.72819  180  270 1084.73832 1076.55302  0.75%  43.9  705s
 26208  3452 1078.18610   59  265 1084.73832 1076.55302  0.75%  43.9  710s
 26209  3452 1084.73832  301  271 1084.73832 1076.55343  0.75%  43.9  716s
 26211  3454 1084.73832  460  268 1084.73832 1076.55476  0.75%  43.9  722s
 26212  3454 1078.19607   74  282 1084.73832 1076.55476  0.75%  43.9  725s
 26213  3455 1084.73832  266  269 1084.73832 1076.55476  0.75%  43.9  731s
 26216  3457 1083.23599   83  270 1084.73832 1076.56073  0.75%  43.9  738s
 26219  3459 1079.53636   98  257 1084.73832 1076.56479  0.75%  43.9  740s
 26224  3462 1084.73832  198  242 1084.73832 1076.56616  0.75%  43.9  746s
 26231  3467 1084.73832  301  245 1084.73832 1076.57375  0.75%  43.9  750s
 26237  3471 1084.73832  365  248 1084.73832 1076.57446  0.75%  43.9  755s
 26242  3474 1084.73832  163  242 1084.73832 1076.57489  0.75%  43.9  760s
 26247  3478 1077.00613   36  270 1084.73832 1076.57489  0.75%  43.9  765s

Cutting planes:
  Learned: 7
  Gomory: 30
  Cover: 10
  Implied bound: 17
  Projected implied bound: 8
  MIR: 24
  Mixing: 1
  StrongCG: 2
  Flow cover: 73
  Inf proof: 1
  Zero half: 17
  RLT: 42
  Relax-and-lift: 58
  BQP: 6
  PSD: 3

Explored 26249 nodes (1189489 simplex iterations) in 768.22 seconds (726.10 work units)
Thread count was 12 (of 12 available processors)

Solution count 10: 1084.74 1085.03 1085.24 ... 1086.66

Solve interrupted
Best objective 1.084738322400e+03, best bound 1.076577497790e+03, gap 0.7523%
